
> nextjs_tailwind_shadcn_ts@0.2.0 build
> next build --webpack

⚠ Warning: Next.js inferred your workspace root, but it may not be correct.
 We detected multiple lockfiles and selected the directory of /home/mao/package-lock.json as the root directory.
 To silence this warning, set `outputFileTracingRoot` in your Next.js config, or consider removing one of the lockfiles if it's not needed.
   See https://nextjs.org/docs/app/api-reference/config/next-config-js/output#caveats for more information.
 Detected additional lockfiles: 
   * /home/mao/Downloads/claude/package-lock.json

▲ Next.js 16.1.3 (webpack)

  Creating an optimized production build ...
✓ (serwist) Bundling the service worker script with the URL '/sw.js' and the scope '/'...
✓ Compiled successfully in 24.5s
  Skipping validation of types
  Collecting page data using 3 workers ...
  Generating static pages using 3 workers (0/15) ...
  Generating static pages using 3 workers (3/15) 
  Generating static pages using 3 workers (7/15) 
  Generating static pages using 3 workers (11/15) 
✓ Generating static pages using 3 workers (15/15) in 1442.3ms
  Finalizing page optimization ...
  Collecting build traces ...

Route (app)
┌ ○ /
├ ○ /_not-found
├ ƒ /api
├ ƒ /api/azkar
├ ƒ /api/goals
├ ƒ /api/hadith
├ ƒ /api/prayer
├ ƒ /api/push/cron
├ ƒ /api/push/subscribe
├ ƒ /api/push/unsubscribe
├ ƒ /api/push/vapid
├ ƒ /api/quran
├ ƒ /api/radio
└ ƒ /api/sw-settings


○  (Static)   prerendered as static content
ƒ  (Dynamic)  server-rendered on demand

